{"level":"\u001b[33mwarn\u001b[39m","message":"HUHUHU","timestamp":"2026-01-02T14:32:44.062Z"}
{"level":"\u001b[32minfo\u001b[39m","message":"Port 5500 running","timestamp":"2026-01-02T14:32:44.064Z"}
{"level":"\u001b[33mwarn\u001b[39m","message":"HUHUHU","timestamp":"2026-01-02T14:35:53.712Z"}
{"level":"\u001b[32minfo\u001b[39m","message":"Port 5500 running","timestamp":"2026-01-02T14:35:53.715Z"}
{"level":"\u001b[33mwarn\u001b[39m","message":"HUHUHU","timestamp":"2026-01-02T14:36:13.655Z"}
{"level":"\u001b[32minfo\u001b[39m","message":"Port 5500 running","timestamp":"2026-01-02T14:36:13.657Z"}
{"level":"\u001b[33mwarn\u001b[39m","message":"HUHUHU","timestamp":"2026-01-02T14:36:15.843Z"}
{"level":"\u001b[32minfo\u001b[39m","message":"Port 5500 running","timestamp":"2026-01-02T14:36:15.846Z"}
{"level":"\u001b[33mwarn\u001b[39m","message":"HUHUHU","timestamp":"2026-01-02T14:36:40.029Z"}
{"level":"\u001b[32minfo\u001b[39m","message":"Port 5500 running","timestamp":"2026-01-02T14:36:40.031Z"}
{"level":"\u001b[33mwarn\u001b[39m","message":"HUHUHU","timestamp":"2026-01-02T14:39:19.400Z"}
{"level":"\u001b[32minfo\u001b[39m","message":"Port 5500 running","timestamp":"2026-01-02T14:39:19.402Z"}
{"level":"\u001b[33mwarn\u001b[39m","message":"HUHUHU","timestamp":"2026-01-02T14:39:21.982Z"}
{"level":"\u001b[32minfo\u001b[39m","message":"Port 5500 running","timestamp":"2026-01-02T14:39:21.985Z"}
{"level":"\u001b[33mwarn\u001b[39m","message":"HUHUHU","timestamp":"2026-01-02T14:39:27.707Z"}
{"level":"\u001b[32minfo\u001b[39m","message":"Port 5500 running","timestamp":"2026-01-02T14:39:27.710Z"}
{"level":"\u001b[33mwarn\u001b[39m","message":"HUHUHU","timestamp":"2026-01-02T14:39:32.970Z"}
{"level":"\u001b[32minfo\u001b[39m","message":"Port 5500 running","timestamp":"2026-01-02T14:39:32.972Z"}
{"level":"\u001b[33mwarn\u001b[39m","message":"HUHUHU","timestamp":"2026-01-02T14:41:59.068Z"}
{"level":"\u001b[32minfo\u001b[39m","message":"Port 5500 running","timestamp":"2026-01-02T14:41:59.072Z"}
{"level":"\u001b[33mwarn\u001b[39m","message":"HUHUHU","timestamp":"2026-01-02T14:42:06.278Z"}
{"level":"\u001b[32minfo\u001b[39m","message":"Port 5500 running","timestamp":"2026-01-02T14:42:06.280Z"}
{"level":"\u001b[33mwarn\u001b[39m","message":"HUHUHU","timestamp":"2026-01-02T14:42:08.828Z"}
{"level":"\u001b[32minfo\u001b[39m","message":"Port 5500 running","timestamp":"2026-01-02T14:42:08.831Z"}
{"level":"\u001b[33mwarn\u001b[39m","message":"HUHUHU","timestamp":"2026-01-02T14:42:10.338Z"}
{"level":"\u001b[32minfo\u001b[39m","message":"Port 5500 running","timestamp":"2026-01-02T14:42:10.340Z"}
{"level":"\u001b[33mwarn\u001b[39m","message":"HUHUHU","timestamp":"2026-01-02T14:42:19.991Z"}
{"level":"\u001b[32minfo\u001b[39m","message":"Port 5500 running","timestamp":"2026-01-02T14:42:19.993Z"}
{"level":"\u001b[33mwarn\u001b[39m","message":"HUHUHU","timestamp":"2026-01-02T14:42:22.976Z"}
{"level":"\u001b[32minfo\u001b[39m","message":"Port 5500 running","timestamp":"2026-01-02T14:42:22.978Z"}
{"level":"\u001b[33mwarn\u001b[39m","message":"HUHUHU","timestamp":"2026-01-02T14:42:32.600Z"}
{"level":"\u001b[32minfo\u001b[39m","message":"Port 5500 running","timestamp":"2026-01-02T14:42:32.602Z"}
{"level":"\u001b[33mwarn\u001b[39m","message":"HUHUHU","timestamp":"2026-01-02T14:42:34.114Z"}
{"level":"\u001b[32minfo\u001b[39m","message":"Port 5500 running","timestamp":"2026-01-02T14:42:34.116Z"}
{"level":"\u001b[33mwarn\u001b[39m","message":"HUHUHU","timestamp":"2026-01-02T14:42:36.473Z"}
{"level":"\u001b[32minfo\u001b[39m","message":"Port 5500 running","timestamp":"2026-01-02T14:42:36.475Z"}
{"level":"\u001b[33mwarn\u001b[39m","message":"HUHUHU","timestamp":"2026-01-02T14:42:40.031Z"}
{"level":"\u001b[32minfo\u001b[39m","message":"Port 5500 running","timestamp":"2026-01-02T14:42:40.034Z"}
{"level":"\u001b[33mwarn\u001b[39m","message":"HUHUHU","timestamp":"2026-01-02T14:42:41.679Z"}
{"level":"\u001b[32minfo\u001b[39m","message":"Port 5500 running","timestamp":"2026-01-02T14:42:41.681Z"}
{"level":"\u001b[33mwarn\u001b[39m","message":"HUHUHU","timestamp":"2026-01-02T14:42:44.480Z"}
{"level":"\u001b[32minfo\u001b[39m","message":"Port 5500 running","timestamp":"2026-01-02T14:42:44.483Z"}
{"level":"\u001b[33mwarn\u001b[39m","message":"HUHUHU","timestamp":"2026-01-02T14:42:46.062Z"}
{"level":"\u001b[32minfo\u001b[39m","message":"Port 5500 running","timestamp":"2026-01-02T14:42:46.065Z"}
{"level":"\u001b[33mwarn\u001b[39m","message":"HUHUHU","timestamp":"2026-01-02T14:42:49.962Z"}
{"level":"\u001b[32minfo\u001b[39m","message":"Port 5500 running","timestamp":"2026-01-02T14:42:49.964Z"}
{"level":"\u001b[33mwarn\u001b[39m","message":"HUHUHU","timestamp":"2026-01-02T14:42:55.002Z"}
{"level":"\u001b[32minfo\u001b[39m","message":"Port 5500 running","timestamp":"2026-01-02T14:42:55.004Z"}
{"level":"\u001b[33mwarn\u001b[39m","message":"HUHUHU","timestamp":"2026-01-02T14:42:57.685Z"}
{"level":"\u001b[32minfo\u001b[39m","message":"Port 5500 running","timestamp":"2026-01-02T14:42:57.688Z"}
{"level":"\u001b[33mwarn\u001b[39m","message":"HUHUHU","timestamp":"2026-01-02T14:43:02.390Z"}
{"level":"\u001b[32minfo\u001b[39m","message":"Port 5500 running","timestamp":"2026-01-02T14:43:02.393Z"}
{"level":"\u001b[33mwarn\u001b[39m","message":"HUHUHU","timestamp":"2026-01-02T14:43:04.840Z"}
{"level":"\u001b[32minfo\u001b[39m","message":"Port 5500 running","timestamp":"2026-01-02T14:43:04.842Z"}
{"level":"\u001b[33mwarn\u001b[39m","message":"HUHUHU","timestamp":"2026-01-02T14:43:06.404Z"}
{"level":"\u001b[32minfo\u001b[39m","message":"Port 5500 running","timestamp":"2026-01-02T14:43:06.406Z"}
{"level":"\u001b[33mwarn\u001b[39m","message":"HUHUHU","timestamp":"2026-01-02T14:43:18.413Z"}
{"level":"\u001b[32minfo\u001b[39m","message":"Port 5500 running","timestamp":"2026-01-02T14:43:18.414Z"}
{"level":"\u001b[33mwarn\u001b[39m","message":"HUHUHU","timestamp":"2026-01-02T14:43:23.025Z"}
{"level":"\u001b[32minfo\u001b[39m","message":"Port 5500 running","timestamp":"2026-01-02T14:43:23.028Z"}
{"level":"\u001b[33mwarn\u001b[39m","message":"HUHUHU","timestamp":"2026-01-02T14:43:32.082Z"}
{"level":"\u001b[32minfo\u001b[39m","message":"Port 5500 running","timestamp":"2026-01-02T14:43:32.084Z"}
{"level":"\u001b[33mwarn\u001b[39m","message":"HUHUHU","timestamp":"2026-01-02T14:43:34.654Z"}
{"level":"\u001b[32minfo\u001b[39m","message":"Port 5500 running","timestamp":"2026-01-02T14:43:34.656Z"}
{"level":"\u001b[33mwarn\u001b[39m","message":"HUHUHU","timestamp":"2026-01-02T14:43:37.518Z"}
{"level":"\u001b[32minfo\u001b[39m","message":"Port 5500 running","timestamp":"2026-01-02T14:43:37.520Z"}
{"level":"\u001b[33mwarn\u001b[39m","message":"HUHUHU","timestamp":"2026-01-02T14:43:45.887Z"}
{"level":"\u001b[32minfo\u001b[39m","message":"Port 5500 running","timestamp":"2026-01-02T14:43:45.889Z"}
{"level":"\u001b[33mwarn\u001b[39m","message":"HUHUHU","timestamp":"2026-01-02T14:43:51.426Z"}
{"level":"\u001b[32minfo\u001b[39m","message":"Port 5500 running","timestamp":"2026-01-02T14:43:51.428Z"}
{"level":"\u001b[33mwarn\u001b[39m","message":"HUHUHU","timestamp":"2026-01-02T14:43:55.673Z"}
{"level":"\u001b[32minfo\u001b[39m","message":"Port 5500 running","timestamp":"2026-01-02T14:43:55.676Z"}
{"level":"\u001b[33mwarn\u001b[39m","message":"HUHUHU","timestamp":"2026-01-02T14:44:04.981Z"}
{"level":"\u001b[32minfo\u001b[39m","message":"Port 5500 running","timestamp":"2026-01-02T14:44:04.984Z"}
{"level":"\u001b[33mwarn\u001b[39m","message":"HUHUHU","timestamp":"2026-01-02T14:44:07.448Z"}
{"level":"\u001b[32minfo\u001b[39m","message":"Port 5500 running","timestamp":"2026-01-02T14:44:07.450Z"}
{"level":"\u001b[33mwarn\u001b[39m","message":"HUHUHU","timestamp":"2026-01-02T14:44:09.862Z"}
{"level":"\u001b[32minfo\u001b[39m","message":"Port 5500 running","timestamp":"2026-01-02T14:44:09.864Z"}
{"level":"\u001b[33mwarn\u001b[39m","message":"HUHUHU","timestamp":"2026-01-02T14:44:12.204Z"}
{"level":"\u001b[32minfo\u001b[39m","message":"Port 5500 running","timestamp":"2026-01-02T14:44:12.207Z"}
{"level":"\u001b[33mwarn\u001b[39m","message":"HUHUHU","timestamp":"2026-01-02T14:44:14.273Z"}
{"level":"\u001b[32minfo\u001b[39m","message":"Port 5500 running","timestamp":"2026-01-02T14:44:14.275Z"}
{"level":"\u001b[33mwarn\u001b[39m","message":"HUHUHU","timestamp":"2026-01-02T14:44:19.933Z"}
{"level":"\u001b[32minfo\u001b[39m","message":"Port 5500 running","timestamp":"2026-01-02T14:44:19.937Z"}
{"level":"\u001b[33mwarn\u001b[39m","message":"HUHUHU","timestamp":"2026-01-02T14:44:22.979Z"}
{"level":"\u001b[32minfo\u001b[39m","message":"Port 5500 running","timestamp":"2026-01-02T14:44:22.981Z"}
{"level":"\u001b[33mwarn\u001b[39m","message":"HUHUHU","timestamp":"2026-01-02T14:44:24.375Z"}
{"level":"\u001b[32minfo\u001b[39m","message":"Port 5500 running","timestamp":"2026-01-02T14:44:24.377Z"}
{"level":"\u001b[33mwarn\u001b[39m","message":"HUHUHU","timestamp":"2026-01-02T14:44:40.452Z"}
{"level":"\u001b[32minfo\u001b[39m","message":"Port 5500 running","timestamp":"2026-01-02T14:44:40.454Z"}
{"level":"\u001b[33mwarn\u001b[39m","message":"HUHUHU","timestamp":"2026-01-02T14:44:45.613Z"}
{"level":"\u001b[32minfo\u001b[39m","message":"Port 5500 running","timestamp":"2026-01-02T14:44:45.616Z"}
{"level":"\u001b[33mwarn\u001b[39m","message":"HUHUHU","timestamp":"2026-01-02T14:44:47.406Z"}
{"level":"\u001b[32minfo\u001b[39m","message":"Port 5500 running","timestamp":"2026-01-02T14:44:47.410Z"}
{"level":"\u001b[33mwarn\u001b[39m","message":"HUHUHU","timestamp":"2026-01-02T14:44:56.014Z"}
{"level":"\u001b[32minfo\u001b[39m","message":"Port 5500 running","timestamp":"2026-01-02T14:44:56.017Z"}
{"level":"\u001b[33mwarn\u001b[39m","message":"HUHUHU","timestamp":"2026-01-02T14:44:58.265Z"}
{"level":"\u001b[32minfo\u001b[39m","message":"Port 5500 running","timestamp":"2026-01-02T14:44:58.268Z"}
{"level":"\u001b[33mwarn\u001b[39m","message":"HUHUHU","timestamp":"2026-01-02T14:45:01.390Z"}
{"level":"\u001b[32minfo\u001b[39m","message":"Port 5500 running","timestamp":"2026-01-02T14:45:01.393Z"}
{"level":"\u001b[33mwarn\u001b[39m","message":"HUHUHU","timestamp":"2026-01-02T14:45:04.408Z"}
{"level":"\u001b[32minfo\u001b[39m","message":"Port 5500 running","timestamp":"2026-01-02T14:45:04.411Z"}
{"level":"\u001b[33mwarn\u001b[39m","message":"HUHUHU","timestamp":"2026-01-02T14:45:07.826Z"}
{"level":"\u001b[32minfo\u001b[39m","message":"Port 5500 running","timestamp":"2026-01-02T14:45:07.829Z"}
{"level":"\u001b[33mwarn\u001b[39m","message":"HUHUHU","timestamp":"2026-01-02T14:45:15.701Z"}
{"level":"\u001b[32minfo\u001b[39m","message":"Port 5500 running","timestamp":"2026-01-02T14:45:15.704Z"}
{"level":"\u001b[33mwarn\u001b[39m","message":"HUHUHU","timestamp":"2026-01-02T14:46:14.908Z"}
{"level":"\u001b[32minfo\u001b[39m","message":"Port 5500 running","timestamp":"2026-01-02T14:46:14.910Z"}
{"level":"\u001b[33mwarn\u001b[39m","message":"HUHUHU","timestamp":"2026-01-02T14:46:19.705Z"}
{"level":"\u001b[32minfo\u001b[39m","message":"Port 5500 running","timestamp":"2026-01-02T14:46:19.708Z"}
{"level":"\u001b[33mwarn\u001b[39m","message":"HUHUHU","timestamp":"2026-01-02T14:47:56.592Z"}
{"level":"\u001b[32minfo\u001b[39m","message":"Port 5500 running","timestamp":"2026-01-02T14:47:56.594Z"}
{"level":"\u001b[32minfo\u001b[39m","message":"{\"method\":\"POST\",\"url\":\"/api/contacts/\",\"status\":\"201\",\"responseTime\":\"112.088\"}","timestamp":"2026-01-02T14:49:10.335Z"}
{"level":"\u001b[32minfo\u001b[39m","message":"{\"method\":\"POST\",\"url\":\"/api/contacts/\",\"status\":\"400\",\"responseTime\":\"3.796\"}","timestamp":"2026-01-02T14:49:23.799Z"}
{"level":"\u001b[32minfo\u001b[39m","message":"{\"method\":\"POST\",\"url\":\"/api/contacts/\",\"status\":\"201\",\"responseTime\":\"109.259\"}","timestamp":"2026-01-02T14:49:30.245Z"}
{"level":"\u001b[32minfo\u001b[39m","message":"{\"method\":\"POST\",\"url\":\"/api/contacts/\",\"status\":\"400\",\"responseTime\":\"1.100\"}","timestamp":"2026-01-02T14:49:37.249Z"}
{"level":"\u001b[32minfo\u001b[39m","message":"{\"method\":\"GET\",\"url\":\"/api/contacts\",\"status\":\"200\",\"responseTime\":\"79.510\"}","timestamp":"2026-01-02T14:49:54.808Z"}
{"level":"\u001b[32minfo\u001b[39m","message":"{\"method\":\"DELETE\",\"url\":\"/api/contacts/6957dafa9fcf40c88de0b9c3\",\"status\":\"200\",\"responseTime\":\"68.349\"}","timestamp":"2026-01-02T14:50:37.894Z"}
{"level":"\u001b[32minfo\u001b[39m","message":"{\"method\":\"GET\",\"url\":\"/api/contacts/\",\"status\":\"200\",\"responseTime\":\"49.783\"}","timestamp":"2026-01-02T14:50:44.329Z"}
{"level":"\u001b[32minfo\u001b[39m","message":"{\"method\":\"GET\",\"url\":\"/api/contacts\",\"status\":\"200\",\"responseTime\":\"2179.570\"}","timestamp":"2026-01-02T15:30:03.772Z"}
{"level":"\u001b[32minfo\u001b[39m","message":"{\"method\":\"GET\",\"url\":\"/api/contacts\",\"status\":\"200\",\"responseTime\":\"45.136\"}","timestamp":"2026-01-02T15:30:03.825Z"}
{"level":"\u001b[32minfo\u001b[39m","message":"{\"method\":\"GET\",\"url\":\"/api/contacts\",\"status\":\"200\",\"responseTime\":\"30.023\"}","timestamp":"2026-01-02T15:30:37.228Z"}
{"level":"\u001b[32minfo\u001b[39m","message":"{\"method\":\"GET\",\"url\":\"/api/contacts\",\"status\":\"200\",\"responseTime\":\"26.878\"}","timestamp":"2026-01-02T15:30:37.257Z"}
{"level":"\u001b[32minfo\u001b[39m","message":"{\"method\":\"GET\",\"url\":\"/api/contacts\",\"status\":\"200\",\"responseTime\":\"28.848\"}","timestamp":"2026-01-02T15:30:44.424Z"}
{"level":"\u001b[32minfo\u001b[39m","message":"{\"method\":\"GET\",\"url\":\"/api/contacts\",\"status\":\"200\",\"responseTime\":\"288.220\"}","timestamp":"2026-01-02T15:30:44.687Z"}
{"level":"\u001b[32minfo\u001b[39m","message":"{\"method\":\"GET\",\"url\":\"/api/contacts\",\"status\":\"200\",\"responseTime\":\"681.635\"}","timestamp":"2026-01-02T17:40:36.253Z"}
{"level":"\u001b[32minfo\u001b[39m","message":"{\"method\":\"GET\",\"url\":\"/api/contacts\",\"status\":\"200\",\"responseTime\":\"28.203\"}","timestamp":"2026-01-02T17:40:36.292Z"}
{"level":"\u001b[32minfo\u001b[39m","message":"{\"method\":\"GET\",\"url\":\"/api/contacts\",\"status\":\"200\",\"responseTime\":\"27.079\"}","timestamp":"2026-01-02T17:42:52.463Z"}
{"level":"\u001b[32minfo\u001b[39m","message":"{\"method\":\"GET\",\"url\":\"/api/contacts\",\"status\":\"200\",\"responseTime\":\"1203.703\"}","timestamp":"2026-01-02T17:42:53.641Z"}
{"level":"\u001b[32minfo\u001b[39m","message":"{\"method\":\"GET\",\"url\":\"/api/contacts\",\"status\":\"200\",\"responseTime\":\"39.467\"}","timestamp":"2026-01-02T17:43:36.176Z"}
{"level":"\u001b[32minfo\u001b[39m","message":"{\"method\":\"GET\",\"url\":\"/api/contacts\",\"status\":\"200\",\"responseTime\":\"40.876\"}","timestamp":"2026-01-02T17:43:36.180Z"}
{"level":"\u001b[32minfo\u001b[39m","message":"{\"method\":\"GET\",\"url\":\"/api/contacts\",\"status\":\"200\",\"responseTime\":\"35.634\"}","timestamp":"2026-01-02T17:45:23.876Z"}
{"level":"\u001b[32minfo\u001b[39m","message":"{\"method\":\"GET\",\"url\":\"/api/contacts\",\"status\":\"200\",\"responseTime\":\"34.540\"}","timestamp":"2026-01-02T17:45:23.878Z"}
{"level":"\u001b[32minfo\u001b[39m","message":"{\"method\":\"GET\",\"url\":\"/api/contacts\",\"status\":\"200\",\"responseTime\":\"26.860\"}","timestamp":"2026-01-02T17:45:45.296Z"}
{"level":"\u001b[32minfo\u001b[39m","message":"{\"method\":\"GET\",\"url\":\"/api/contacts\",\"status\":\"200\",\"responseTime\":\"35.724\"}","timestamp":"2026-01-02T17:45:45.306Z"}
{"level":"\u001b[33mwarn\u001b[39m","message":"HUHUHU","timestamp":"2026-01-02T17:46:42.508Z"}
{"level":"\u001b[32minfo\u001b[39m","message":"Port 5500 running","timestamp":"2026-01-02T17:46:42.510Z"}
{"level":"\u001b[32minfo\u001b[39m","message":"{\"method\":\"GET\",\"url\":\"/api/contacts\",\"status\":\"200\",\"responseTime\":\"48.130\"}","timestamp":"2026-01-02T17:46:46.089Z"}
{"level":"\u001b[32minfo\u001b[39m","message":"{\"method\":\"GET\",\"url\":\"/api/contacts\",\"status\":\"200\",\"responseTime\":\"248.760\"}","timestamp":"2026-01-02T17:46:46.297Z"}
{"level":"\u001b[32minfo\u001b[39m","message":"{\"method\":\"POST\",\"url\":\"/api/contacts\",\"status\":\"201\",\"responseTime\":\"60.541\"}","timestamp":"2026-01-02T17:46:54.372Z"}
{"level":"\u001b[32minfo\u001b[39m","message":"{\"method\":\"GET\",\"url\":\"/api/contacts/?sort=name\",\"status\":\"200\",\"responseTime\":\"31.265\"}","timestamp":"2026-01-02T17:46:57.047Z"}
{"level":"\u001b[32minfo\u001b[39m","message":"{\"method\":\"GET\",\"url\":\"/api/contacts\",\"status\":\"200\",\"responseTime\":\"64.428\"}","timestamp":"2026-01-02T17:46:58.328Z"}
{"level":"\u001b[32minfo\u001b[39m","message":"{\"method\":\"GET\",\"url\":\"/api/contacts\",\"status\":\"304\",\"responseTime\":\"570.056\"}","timestamp":"2026-01-02T17:50:19.366Z"}
{"level":"\u001b[32minfo\u001b[39m","message":"{\"method\":\"GET\",\"url\":\"/api/contacts\",\"status\":\"304\",\"responseTime\":\"28.298\"}","timestamp":"2026-01-02T17:50:19.397Z"}
{"level":"\u001b[32minfo\u001b[39m","message":"{\"method\":\"POST\",\"url\":\"/api/contacts\",\"status\":\"201\",\"responseTime\":\"54.769\"}","timestamp":"2026-01-02T17:50:22.038Z"}
{"level":"\u001b[32minfo\u001b[39m","message":"{\"method\":\"POST\",\"url\":\"/api/contacts\",\"status\":\"201\",\"responseTime\":\"28.911\"}","timestamp":"2026-01-02T17:50:42.668Z"}
{"level":"\u001b[32minfo\u001b[39m","message":"{\"method\":\"DELETE\",\"url\":\"/api/contacts/6957dae69fcf40c88de0b9c0\",\"status\":\"200\",\"responseTime\":\"71.117\"}","timestamp":"2026-01-02T17:50:45.879Z"}
{"level":"\u001b[32minfo\u001b[39m","message":"{\"method\":\"DELETE\",\"url\":\"/api/contacts/6958048e3b1c46701e5ad21d\",\"status\":\"200\",\"responseTime\":\"56.762\"}","timestamp":"2026-01-02T17:51:57.753Z"}
{"level":"\u001b[32minfo\u001b[39m","message":"{\"method\":\"GET\",\"url\":\"/api/contacts/?sort=name\",\"status\":\"200\",\"responseTime\":\"34.518\"}","timestamp":"2026-01-02T17:51:59.740Z"}
{"level":"\u001b[32minfo\u001b[39m","message":"{\"method\":\"GET\",\"url\":\"/api/contacts\",\"status\":\"200\",\"responseTime\":\"28.221\"}","timestamp":"2026-01-02T17:52:01.287Z"}
{"level":"\u001b[32minfo\u001b[39m","message":"{\"method\":\"GET\",\"url\":\"/api/contacts\",\"status\":\"304\",\"responseTime\":\"27.344\"}","timestamp":"2026-01-02T17:52:01.316Z"}
{"level":"\u001b[32minfo\u001b[39m","message":"{\"method\":\"GET\",\"url\":\"/api/contacts/?sort=name\",\"status\":\"304\",\"responseTime\":\"28.115\"}","timestamp":"2026-01-02T17:52:02.434Z"}
{"level":"\u001b[32minfo\u001b[39m","message":"{\"method\":\"GET\",\"url\":\"/api/contacts\",\"status\":\"304\",\"responseTime\":\"27.171\"}","timestamp":"2026-01-02T17:52:03.132Z"}
{"level":"\u001b[32minfo\u001b[39m","message":"{\"method\":\"GET\",\"url\":\"/api/contacts/?sort=name\",\"status\":\"304\",\"responseTime\":\"74.894\"}","timestamp":"2026-01-02T17:52:03.993Z"}
{"level":"\u001b[32minfo\u001b[39m","message":"{\"method\":\"POST\",\"url\":\"/api/contacts\",\"status\":\"201\",\"responseTime\":\"29.715\"}","timestamp":"2026-01-02T17:52:08.266Z"}
{"level":"\u001b[32minfo\u001b[39m","message":"{\"method\":\"GET\",\"url\":\"/api/contacts\",\"status\":\"200\",\"responseTime\":\"62.506\"}","timestamp":"2026-01-02T17:55:00.092Z"}
{"level":"\u001b[32minfo\u001b[39m","message":"{\"method\":\"GET\",\"url\":\"/api/contacts/?sort=name\",\"status\":\"200\",\"responseTime\":\"27.755\"}","timestamp":"2026-01-02T17:55:01.036Z"}
{"level":"\u001b[32minfo\u001b[39m","message":"{\"method\":\"DELETE\",\"url\":\"/api/contacts/695805c83b1c46701e5ad231\",\"status\":\"200\",\"responseTime\":\"58.053\"}","timestamp":"2026-01-02T17:55:04.356Z"}
{"level":"\u001b[32minfo\u001b[39m","message":"{\"method\":\"POST\",\"url\":\"/api/contacts\",\"status\":\"201\",\"responseTime\":\"46.527\"}","timestamp":"2026-01-02T17:55:10.781Z"}
{"level":"\u001b[32minfo\u001b[39m","message":"{\"method\":\"GET\",\"url\":\"/api/contacts\",\"status\":\"200\",\"responseTime\":\"28.452\"}","timestamp":"2026-01-02T17:55:20.977Z"}
{"level":"\u001b[32minfo\u001b[39m","message":"{\"method\":\"GET\",\"url\":\"/api/contacts\",\"status\":\"304\",\"responseTime\":\"31.099\"}","timestamp":"2026-01-02T17:55:23.453Z"}
{"level":"\u001b[32minfo\u001b[39m","message":"{\"method\":\"GET\",\"url\":\"/api/contacts\",\"status\":\"304\",\"responseTime\":\"26.789\"}","timestamp":"2026-01-02T17:55:23.482Z"}
{"level":"\u001b[32minfo\u001b[39m","message":"{\"method\":\"POST\",\"url\":\"/api/contacts\",\"status\":\"201\",\"responseTime\":\"1041.507\"}","timestamp":"2026-01-02T18:01:55.773Z"}
{"level":"\u001b[32minfo\u001b[39m","message":"{\"method\":\"GET\",\"url\":\"/api/contacts/?sort=name\",\"status\":\"200\",\"responseTime\":\"30.169\"}","timestamp":"2026-01-02T18:01:59.854Z"}
{"level":"\u001b[32minfo\u001b[39m","message":"{\"method\":\"GET\",\"url\":\"/api/contacts\",\"status\":\"200\",\"responseTime\":\"27.521\"}","timestamp":"2026-01-02T18:02:01.048Z"}
{"level":"\u001b[32minfo\u001b[39m","message":"{\"method\":\"DELETE\",\"url\":\"/api/contacts/695808123b1c46701e5ad23c\",\"status\":\"200\",\"responseTime\":\"58.219\"}","timestamp":"2026-01-02T18:02:05.694Z"}
{"level":"\u001b[32minfo\u001b[39m","message":"{\"method\":\"GET\",\"url\":\"/api/contacts\",\"status\":\"200\",\"responseTime\":\"646.186\"}","timestamp":"2026-01-03T05:05:14.758Z"}
{"level":"\u001b[32minfo\u001b[39m","message":"{\"method\":\"GET\",\"url\":\"/api/contacts\",\"status\":\"304\",\"responseTime\":\"30.277\"}","timestamp":"2026-01-03T05:05:14.798Z"}
{"level":"\u001b[32minfo\u001b[39m","message":"{\"method\":\"GET\",\"url\":\"/api/contacts/?sort=name\",\"status\":\"200\",\"responseTime\":\"31.822\"}","timestamp":"2026-01-03T05:05:17.917Z"}
{"level":"\u001b[32minfo\u001b[39m","message":"{\"method\":\"GET\",\"url\":\"/api/contacts\",\"status\":\"304\",\"responseTime\":\"27.415\"}","timestamp":"2026-01-03T05:05:19.641Z"}
{"level":"\u001b[32minfo\u001b[39m","message":"{\"method\":\"GET\",\"url\":\"/api/contacts\",\"status\":\"200\",\"responseTime\":\"29.250\"}","timestamp":"2026-01-03T05:05:55.722Z"}
{"level":"\u001b[32minfo\u001b[39m","message":"{\"method\":\"GET\",\"url\":\"/api/contacts\",\"status\":\"200\",\"responseTime\":\"297.395\"}","timestamp":"2026-01-03T05:05:55.993Z"}
{"level":"\u001b[32minfo\u001b[39m","message":"{\"method\":\"DELETE\",\"url\":\"/api/contacts/6958067e3b1c46701e5ad237\",\"status\":\"200\",\"responseTime\":\"62.628\"}","timestamp":"2026-01-03T05:06:20.202Z"}
{"level":"\u001b[32minfo\u001b[39m","message":"{\"method\":\"POST\",\"url\":\"/api/contacts\",\"status\":\"201\",\"responseTime\":\"47.307\"}","timestamp":"2026-01-03T05:06:42.711Z"}
{"level":"\u001b[32minfo\u001b[39m","message":"{\"method\":\"GET\",\"url\":\"/api/contacts/?sort=name\",\"status\":\"200\",\"responseTime\":\"27.445\"}","timestamp":"2026-01-03T05:06:45.301Z"}
{"level":"\u001b[32minfo\u001b[39m","message":"{\"method\":\"DELETE\",\"url\":\"/api/contacts/6958055d3b1c46701e5ad223\",\"status\":\"200\",\"responseTime\":\"68.333\"}","timestamp":"2026-01-03T05:06:49.687Z"}
{"level":"\u001b[32minfo\u001b[39m","message":"{\"method\":\"POST\",\"url\":\"/api/contacts\",\"status\":\"201\",\"responseTime\":\"31.911\"}","timestamp":"2026-01-03T05:07:14.829Z"}
{"level":"\u001b[32minfo\u001b[39m","message":"{\"method\":\"GET\",\"url\":\"/api/contacts\",\"status\":\"200\",\"responseTime\":\"59.787\"}","timestamp":"2026-01-03T05:11:00.411Z"}
{"level":"\u001b[32minfo\u001b[39m","message":"{\"method\":\"GET\",\"url\":\"/api/contacts\",\"status\":\"200\",\"responseTime\":\"540.616\"}","timestamp":"2026-01-03T05:11:00.901Z"}
{"level":"\u001b[32minfo\u001b[39m","message":"{\"method\":\"GET\",\"url\":\"/api/contacts\",\"status\":\"200\",\"responseTime\":\"25.441\"}","timestamp":"2026-01-03T05:11:03.285Z"}
{"level":"\u001b[32minfo\u001b[39m","message":"{\"method\":\"GET\",\"url\":\"/api/contacts\",\"status\":\"200\",\"responseTime\":\"28.977\"}","timestamp":"2026-01-03T05:11:03.290Z"}
{"level":"\u001b[33mwarn\u001b[39m","message":"HUHUHU","timestamp":"2026-01-03T05:16:35.036Z"}
{"level":"\u001b[32minfo\u001b[39m","message":"Port 5500 running","timestamp":"2026-01-03T05:16:35.052Z"}
{"level":"\u001b[33mwarn\u001b[39m","message":"HUHUHU","timestamp":"2026-01-03T05:34:21.540Z"}
{"level":"\u001b[32minfo\u001b[39m","message":"Port 5500 running","timestamp":"2026-01-03T05:34:21.552Z"}
{"level":"\u001b[33mwarn\u001b[39m","message":"HUHUHU","timestamp":"2026-01-03T05:34:29.661Z"}
{"level":"\u001b[32minfo\u001b[39m","message":"Port 5500 running","timestamp":"2026-01-03T05:34:29.664Z"}
